src/main.ts(4,17): error TS2307: Cannot find module './App.vue' or its corresponding type declarations.
src/router/index.ts(3,1): error TS6133: 'supabase' is declared but its value is never read.
src/router/index.ts(9,29): error TS2307: Cannot find module '../views/Login.vue' or its corresponding type declarations.
src/router/index.ts(14,29): error TS2307: Cannot find module '../views/LandingPage.vue' or its corresponding type declarations.
src/router/index.ts(20,29): error TS2307: Cannot find module '../views/Kasir.vue' or its corresponding type declarations.
src/router/index.ts(27,29): error TS2307: Cannot find module '../views/Admin.vue' or its corresponding type declarations.
src/router/index.ts(34,29): error TS2307: Cannot find module '../views/SuperAdmin.vue' or its corresponding type declarations.
src/router/index.ts(40,29): error TS2307: Cannot find module '../views/MenuPelanggan.vue' or its corresponding type declarations.
